
> prompt-manager-ultra@1.0.0 build
> vite build

[36mvite v5.4.21 [32mbuilding for production...[36m[39m
[sentry-vite-plugin] Info: Sending telemetry data on issues and performance to Sentry. To disable telemetry, set `options.telemetry` to `false`.
transforming...
[32mÔ£ô[39m 88 modules transformed.
x Build failed in 1.19s
error during build:
[vite]: Rollup failed to resolve import "uuid" from "C:/Users/Luke/Documents/ff-organizer/FForganizer-1/src/components/CreateAccessKey.jsx".
This is most likely unintended because it can break your application at runtime.
If you do want to externalize this module explicitly add it to
`build.rollupOptions.external`
    at viteWarn (file:///C:/Users/Luke/Documents/ff-organizer/FForganizer-1/node_modules/vite/dist/node/chunks/dep-BK3b2jBa.js:65855:17)
    at onwarn (file:///C:/Users/Luke/Documents/ff-organizer/FForganizer-1/node_modules/@vitejs/plugin-react/dist/index.js:90:7)
    at onRollupWarning (file:///C:/Users/Luke/Documents/ff-organizer/FForganizer-1/node_modules/vite/dist/node/chunks/dep-BK3b2jBa.js:65885:5)
    at onwarn (file:///C:/Users/Luke/Documents/ff-organizer/FForganizer-1/node_modules/vite/dist/node/chunks/dep-BK3b2jBa.js:65550:7)
    at file:///C:/Users/Luke/Documents/ff-organizer/FForganizer-1/node_modules/rollup/dist/es/shared/node-entry.js:20975:13
    at Object.logger [as onLog] (file:///C:/Users/Luke/Documents/ff-organizer/FForganizer-1/node_modules/rollup/dist/es/shared/node-entry.js:22848:9)
    at ModuleLoader.handleInvalidResolvedId (file:///C:/Users/Luke/Documents/ff-organizer/FForganizer-1/node_modules/rollup/dist/es/shared/node-entry.js:21592:26)
    at file:///C:/Users/Luke/Documents/ff-organizer/FForganizer-1/node_modules/rollup/dist/es/shared/node-entry.js:21550:26
